.next/dev/types/validator.ts(162,31): error TS2344: Type 'typeof import("C:/Users/shubh/.gemini/antigravity/scratch/tata-dealership/src/app/api/accessories/[id]/route")' does not satisfy the constraint 'RouteHandlerConfig<"/api/accessories/[id]">'.
  Types of property 'PUT' are incompatible.
    Type '(req: Request, { params }: { params: { id: string; }; }) => Promise<NextResponse<any>>' is not assignable to type '(request: NextRequest, context: { params: Promise<{ id: string; }>; }) => void | Response | Promise<void | Response>'.
      Types of parameters '__1' and 'context' are incompatible.
        Type '{ params: Promise<{ id: string; }>; }' is not assignable to type '{ params: { id: string; }; }'.
          Types of property 'params' are incompatible.
            Property 'id' is missing in type 'Promise<{ id: string; }>' but required in type '{ id: string; }'.
.next/dev/types/validator.ts(216,31): error TS2344: Type 'typeof import("C:/Users/shubh/.gemini/antigravity/scratch/tata-dealership/src/app/api/cars/[id]/route")' does not satisfy the constraint 'RouteHandlerConfig<"/api/cars/[id]">'.
  Types of property 'PUT' are incompatible.
    Type '(req: Request, { params }: { params: { id: string; }; }) => Promise<NextResponse<any>>' is not assignable to type '(request: NextRequest, context: { params: Promise<{ id: string; }>; }) => void | Response | Promise<void | Response>'.
      Types of parameters '__1' and 'context' are incompatible.
        Type '{ params: Promise<{ id: string; }>; }' is not assignable to type '{ params: { id: string; }; }'.
          Types of property 'params' are incompatible.
            Property 'id' is missing in type 'Promise<{ id: string; }>' but required in type '{ id: string; }'.
.next/dev/types/validator.ts(234,31): error TS2344: Type 'typeof import("C:/Users/shubh/.gemini/antigravity/scratch/tata-dealership/src/app/api/customers/[id]/route")' does not satisfy the constraint 'RouteHandlerConfig<"/api/customers/[id]">'.
  Types of property 'GET' are incompatible.
    Type '(req: Request, { params }: { params: { id: string; }; }) => Promise<NextResponse<any>>' is not assignable to type '(request: NextRequest, context: { params: Promise<{ id: string; }>; }) => void | Response | Promise<void | Response>'.
      Types of parameters '__1' and 'context' are incompatible.
        Type '{ params: Promise<{ id: string; }>; }' is not assignable to type '{ params: { id: string; }; }'.
          Types of property 'params' are incompatible.
            Property 'id' is missing in type 'Promise<{ id: string; }>' but required in type '{ id: string; }'.
.next/dev/types/validator.ts(270,31): error TS2344: Type 'typeof import("C:/Users/shubh/.gemini/antigravity/scratch/tata-dealership/src/app/api/users/[id]/route")' does not satisfy the constraint 'RouteHandlerConfig<"/api/users/[id]">'.
  Types of property 'PUT' are incompatible.
    Type '(req: Request, { params }: { params: { id: string; }; }) => Promise<NextResponse<any>>' is not assignable to type '(request: NextRequest, context: { params: Promise<{ id: string; }>; }) => void | Response | Promise<void | Response>'.
      Types of parameters '__1' and 'context' are incompatible.
        Type '{ params: Promise<{ id: string; }>; }' is not assignable to type '{ params: { id: string; }; }'.
          Types of property 'params' are incompatible.
            Property 'id' is missing in type 'Promise<{ id: string; }>' but required in type '{ id: string; }'.
.next/types/validator.ts(162,31): error TS2344: Type 'typeof import("C:/Users/shubh/.gemini/antigravity/scratch/tata-dealership/src/app/api/accessories/[id]/route")' does not satisfy the constraint 'RouteHandlerConfig<"/api/accessories/[id]">'.
  Types of property 'PUT' are incompatible.
    Type '(req: Request, { params }: { params: { id: string; }; }) => Promise<NextResponse<any>>' is not assignable to type '(request: NextRequest, context: { params: Promise<{ id: string; }>; }) => void | Response | Promise<void | Response>'.
      Types of parameters '__1' and 'context' are incompatible.
        Type '{ params: Promise<{ id: string; }>; }' is not assignable to type '{ params: { id: string; }; }'.
          Types of property 'params' are incompatible.
            Property 'id' is missing in type 'Promise<{ id: string; }>' but required in type '{ id: string; }'.
.next/types/validator.ts(216,31): error TS2344: Type 'typeof import("C:/Users/shubh/.gemini/antigravity/scratch/tata-dealership/src/app/api/cars/[id]/route")' does not satisfy the constraint 'RouteHandlerConfig<"/api/cars/[id]">'.
  Types of property 'PUT' are incompatible.
    Type '(req: Request, { params }: { params: { id: string; }; }) => Promise<NextResponse<any>>' is not assignable to type '(request: NextRequest, context: { params: Promise<{ id: string; }>; }) => void | Response | Promise<void | Response>'.
      Types of parameters '__1' and 'context' are incompatible.
        Type '{ params: Promise<{ id: string; }>; }' is not assignable to type '{ params: { id: string; }; }'.
          Types of property 'params' are incompatible.
            Property 'id' is missing in type 'Promise<{ id: string; }>' but required in type '{ id: string; }'.
.next/types/validator.ts(234,31): error TS2344: Type 'typeof import("C:/Users/shubh/.gemini/antigravity/scratch/tata-dealership/src/app/api/customers/[id]/route")' does not satisfy the constraint 'RouteHandlerConfig<"/api/customers/[id]">'.
  Types of property 'GET' are incompatible.
    Type '(req: Request, { params }: { params: { id: string; }; }) => Promise<NextResponse<any>>' is not assignable to type '(request: NextRequest, context: { params: Promise<{ id: string; }>; }) => void | Response | Promise<void | Response>'.
      Types of parameters '__1' and 'context' are incompatible.
        Type '{ params: Promise<{ id: string; }>; }' is not assignable to type '{ params: { id: string; }; }'.
          Types of property 'params' are incompatible.
            Property 'id' is missing in type 'Promise<{ id: string; }>' but required in type '{ id: string; }'.
.next/types/validator.ts(270,31): error TS2344: Type 'typeof import("C:/Users/shubh/.gemini/antigravity/scratch/tata-dealership/src/app/api/users/[id]/route")' does not satisfy the constraint 'RouteHandlerConfig<"/api/users/[id]">'.
  Types of property 'PUT' are incompatible.
    Type '(req: Request, { params }: { params: { id: string; }; }) => Promise<NextResponse<any>>' is not assignable to type '(request: NextRequest, context: { params: Promise<{ id: string; }>; }) => void | Response | Promise<void | Response>'.
      Types of parameters '__1' and 'context' are incompatible.
        Type '{ params: Promise<{ id: string; }>; }' is not assignable to type '{ params: { id: string; }; }'.
          Types of property 'params' are incompatible.
            Property 'id' is missing in type 'Promise<{ id: string; }>' but required in type '{ id: string; }'.
src/app/api/users/[id]/route.ts(12,31): error TS2304: Cannot find name 'User'.
src/lib/auth.ts(1,17): error TS7016: Could not find a declaration file for module 'jsonwebtoken'. 'C:/Users/shubh/.gemini/antigravity/scratch/tata-dealership/node_modules/jsonwebtoken/index.js' implicitly has an 'any' type.
  Try `npm i --save-dev @types/jsonwebtoken` if it exists or add a new declaration (.d.ts) file containing `declare module 'jsonwebtoken';`
